../System/Config/Log/log_module.c:141:6:Log_Module_PrintWithArg	296	static
../System/Config/Log/log_module.c:212:6:Log_Module_Print	16	static
../System/Config/Log/log_module.c:230:6:Log_Module_Init	16	static
../System/Config/Log/log_module.c:243:6:Log_Module_DeInit	8	static
../System/Config/Log/log_module.c:251:6:Log_Module_Set_Verbose_Level	16	static
../System/Config/Log/log_module.c:259:6:Log_Module_Set_Region	16	static
../System/Config/Log/log_module.c:267:6:Log_Module_Add_Region	16	static
../System/Config/Log/log_module.c:275:6:Log_Module_Enable_All_Regions	8	static
../System/Config/Log/log_module.c:283:17:Get_Region_Mask	16	static
../System/Config/Log/log_module.c:300:6:Log_Module_Set_Color	16	static
../System/Config/Log/log_module.c:311:6:Log_Module_RegisterTimeStampFunction	16	static
