../Drivers/STM32WBAxx_HAL_Driver/Src/stm32wbaxx_hal.c:121:19:HAL_Init	8	static
../Drivers/STM32WBAxx_HAL_Driver/Src/stm32wbaxx_hal.c:155:19:HAL_DeInit	8	static
../Drivers/STM32WBAxx_HAL_Driver/Src/stm32wbaxx_hal.c:190:13:HAL_MspInit	4	static
../Drivers/STM32WBAxx_HAL_Driver/Src/stm32wbaxx_hal.c:201:13:HAL_MspDeInit	4	static
../Drivers/STM32WBAxx_HAL_Driver/Src/stm32wbaxx_hal.c:224:26:HAL_InitTick	24	static
../Drivers/STM32WBAxx_HAL_Driver/Src/stm32wbaxx_hal.c:320:13:HAL_IncTick	4	static
../Drivers/STM32WBAxx_HAL_Driver/Src/stm32wbaxx_hal.c:331:17:HAL_GetTick	4	static
../Drivers/STM32WBAxx_HAL_Driver/Src/stm32wbaxx_hal.c:340:10:HAL_GetTickPrio	4	static
../Drivers/STM32WBAxx_HAL_Driver/Src/stm32wbaxx_hal.c:349:19:HAL_SetTickFreq	24	static
../Drivers/STM32WBAxx_HAL_Driver/Src/stm32wbaxx_hal.c:373:21:HAL_GetTickFreq	4	static
../Drivers/STM32WBAxx_HAL_Driver/Src/stm32wbaxx_hal.c:389:13:HAL_Delay	24	static
../Drivers/STM32WBAxx_HAL_Driver/Src/stm32wbaxx_hal.c:415:13:HAL_SuspendTick	4	static
../Drivers/STM32WBAxx_HAL_Driver/Src/stm32wbaxx_hal.c:431:13:HAL_ResumeTick	4	static
../Drivers/STM32WBAxx_HAL_Driver/Src/stm32wbaxx_hal.c:441:10:HAL_GetHalVersion	4	static
../Drivers/STM32WBAxx_HAL_Driver/Src/stm32wbaxx_hal.c:450:10:HAL_GetREVID	4	static
../Drivers/STM32WBAxx_HAL_Driver/Src/stm32wbaxx_hal.c:459:10:HAL_GetDEVID	4	static
../Drivers/STM32WBAxx_HAL_Driver/Src/stm32wbaxx_hal.c:468:10:HAL_GetUIDw0	4	static
../Drivers/STM32WBAxx_HAL_Driver/Src/stm32wbaxx_hal.c:477:10:HAL_GetUIDw1	4	static
../Drivers/STM32WBAxx_HAL_Driver/Src/stm32wbaxx_hal.c:486:10:HAL_GetUIDw2	4	static
../Drivers/STM32WBAxx_HAL_Driver/Src/stm32wbaxx_hal.c:514:6:HAL_DBGMCU_EnableDBGStopMode	4	static
../Drivers/STM32WBAxx_HAL_Driver/Src/stm32wbaxx_hal.c:523:6:HAL_DBGMCU_DisableDBGStopMode	4	static
../Drivers/STM32WBAxx_HAL_Driver/Src/stm32wbaxx_hal.c:532:6:HAL_DBGMCU_EnableDBGStandbyMode	4	static
../Drivers/STM32WBAxx_HAL_Driver/Src/stm32wbaxx_hal.c:541:6:HAL_DBGMCU_DisableDBGStandbyMode	4	static
../Drivers/STM32WBAxx_HAL_Driver/Src/stm32wbaxx_hal.c:569:6:HAL_SYSCFG_EnableIOAnalogSwitchBooster	4	static
../Drivers/STM32WBAxx_HAL_Driver/Src/stm32wbaxx_hal.c:579:6:HAL_SYSCFG_DisableIOAnalogSwitchBooster	4	static
../Drivers/STM32WBAxx_HAL_Driver/Src/stm32wbaxx_hal.c:608:6:HAL_SYSCFG_Lock	16	static
../Drivers/STM32WBAxx_HAL_Driver/Src/stm32wbaxx_hal.c:629:19:HAL_SYSCFG_GetLock	24	static
../Drivers/STM32WBAxx_HAL_Driver/Src/stm32wbaxx_hal.c:715:19:HAL_SYSCFG_GetConfigAttributes	16	static
