../Drivers/CMSIS/Include/core_cm33.h:2498:26:__NVIC_GetActive	16	static
../Drivers/CMSIS/Include/core_cm33.h:2587:22:__NVIC_SetPriority	16	static
../Drivers/STM32WBAxx_HAL_Driver/Inc/stm32wbaxx_ll_rcc.h:842:26:LL_RCC_HSE_IsReady	4	static
../STM32_WPAN/Target/linklayer_plat.c:66:6:LINKLAYER_PLAT_ClockInit	16	static
../STM32_WPAN/Target/linklayer_plat.c:80:6:LINKLAYER_PLAT_DelayUs	24	static,ignoring_inline_asm
../STM32_WPAN/Target/linklayer_plat.c:95:6:LINKLAYER_PLAT_Assert	16	static
../STM32_WPAN/Target/linklayer_plat.c:105:6:LINKLAYER_PLAT_WaitHclkRdy	8	static
../STM32_WPAN/Target/linklayer_plat.c:116:6:LINKLAYER_PLAT_AclkCtrl	16	static
../STM32_WPAN/Target/linklayer_plat.c:138:6:LINKLAYER_PLAT_GetRNG	24	static
../STM32_WPAN/Target/linklayer_plat.c:165:6:LINKLAYER_PLAT_SetupRadioIT	16	static
../STM32_WPAN/Target/linklayer_plat.c:177:6:LINKLAYER_PLAT_SetupSwLowIT	16	static
../STM32_WPAN/Target/linklayer_plat.c:190:6:LINKLAYER_PLAT_TriggerSwLowIT	24	static
../STM32_WPAN/Target/linklayer_plat.c:231:6:LINKLAYER_PLAT_EnableIRQ	16	static,ignoring_inline_asm
../STM32_WPAN/Target/linklayer_plat.c:247:6:LINKLAYER_PLAT_DisableIRQ	16	static,ignoring_inline_asm
../STM32_WPAN/Target/linklayer_plat.c:268:6:LINKLAYER_PLAT_EnableSpecificIRQ	24	static,ignoring_inline_asm
../STM32_WPAN/Target/linklayer_plat.c:315:6:LINKLAYER_PLAT_DisableSpecificIRQ	24	static,ignoring_inline_asm
../STM32_WPAN/Target/linklayer_plat.c:359:6:LINKLAYER_PLAT_EnableRadioIT	8	static
../STM32_WPAN/Target/linklayer_plat.c:377:6:LINKLAYER_PLAT_DisableRadioIT	8	static
../STM32_WPAN/Target/linklayer_plat.c:395:6:LINKLAYER_PLAT_StartRadioEvt	8	static
../STM32_WPAN/Target/linklayer_plat.c:409:6:LINKLAYER_PLAT_StopRadioEvt	8	static
../STM32_WPAN/Target/linklayer_plat.c:423:6:LINKLAYER_PLAT_RequestTemperature	8	static
../STM32_WPAN/Target/linklayer_plat.c:435:6:LINKLAYER_PLAT_EnableOSContextSwitch	4	static
../STM32_WPAN/Target/linklayer_plat.c:444:6:LINKLAYER_PLAT_DisableOSContextSwitch	4	static
../STM32_WPAN/Target/linklayer_plat.c:453:6:LINKLAYER_PLAT_SCHLDR_TIMING_UPDATE_NOT	16	static
