../Core/Src/app_freertos.c:102:13:configureTimerForRunTimeStats	4	static
../Core/Src/app_freertos.c:107:22:getRunTimeCounterValue	4	static
../Core/Src/app_freertos.c:114:13:vPortSuppressTicksAndSleep	16	static
../Core/Src/app_freertos.c:127:6:MX_FREERTOS_Init	8	static
../Core/Src/app_freertos.c:178:6:advertisingTask_Entry	16	static
../Core/Src/app_freertos.c:196:6:HRSAPPMeasurementsTask_Entry	16	static
../Core/Src/app_freertos.c:208:6:advLowPowerTimer_cb	16	static
../Core/Src/app_freertos.c:216:6:HRSAPPMeasurementsTimer_cb	16	static
