../Drivers/CMSIS/Include/core_cm33.h:2390:22:__NVIC_EnableIRQ	16	static,ignoring_inline_asm
../Drivers/CMSIS/Include/core_cm33.h:2428:22:__NVIC_DisableIRQ	16	static,ignoring_inline_asm
../Drivers/STM32WBAxx_HAL_Driver/Inc/stm32wbaxx_ll_rcc.h:1708:22:LL_RCC_RADIO_DisableSleepTimerClock	4	static
../Core/Src/stm32wbaxx_it.c:81:6:NMI_Handler	4	static
../Core/Src/stm32wbaxx_it.c:96:6:HardFault_Handler	4	static
../Core/Src/stm32wbaxx_it.c:111:6:MemManage_Handler	4	static
../Core/Src/stm32wbaxx_it.c:126:6:BusFault_Handler	4	static
../Core/Src/stm32wbaxx_it.c:141:6:UsageFault_Handler	4	static
../Core/Src/stm32wbaxx_it.c:156:6:DebugMon_Handler	4	static
../Core/Src/stm32wbaxx_it.c:176:6:RTC_IRQHandler	8	static
../Core/Src/stm32wbaxx_it.c:190:6:RCC_IRQHandler	8	static
../Core/Src/stm32wbaxx_it.c:214:6:GPDMA1_Channel0_IRQHandler	8	static
../Core/Src/stm32wbaxx_it.c:228:6:GPDMA1_Channel1_IRQHandler	8	static
../Core/Src/stm32wbaxx_it.c:242:6:USART1_IRQHandler	8	static
../Core/Src/stm32wbaxx_it.c:256:6:RADIO_IRQHandler	8	static,ignoring_inline_asm
../Core/Src/stm32wbaxx_it.c:278:6:HASH_IRQHandler	8	static
